=========S*=========
==========*=========
==========*=========
==========***=======
==========***=======
=========E***=======
====================
====================
====================
====================
====================
====================
====================
====================
====================
====================
====================
====================
====================
====================
East
South
South
South
East
East
South
South
West
North
West
South
West
