=========E==========
=========*==========
=========*==========
=========*==========
=========*==========
=========*==========
=========*==========
=========*==========
=========*==========
=========*==========
=========*==========
=========*==========
=========*==========
=========*==========
=========*==========
=========*==========
=========*==========
=========*==========
=========*==========
=========S==========
north
north
north
north
north
north
north
north
north
north
north
north
north
north
north
north
north
north
north
