S*******************
...................*
...................*
...................*
...................*
...................*
...................*
...................*
...................*
...................*
...................*
...................*
...................*
...................*
...................*
...................*
...................*
...................*
...................*
...................E
east
east
east
east
east
east
east
east
east
east
east
east
east
east
east
east
east
east
east
south
south
south
south
south
south
south
south
south
south
south
south
south
south
south
south
south
south
south
