=======.============
====S*****E=========
====================
====================
====================
====================
====================
====================
====================
====================
====================
====================
====================
====================
====================
====================
====================
====================
====================
====================
East
East
East
East
East
East
