=======.============
===E***S...=========
====================
====================
====================
====================
====================
====================
====================
====================
====================
====================
====================
====================
====================
====================
====================
====================
====================
====================
West
West
West
West
