=========S*=========
==========*=========
==========*=========
==========***=======
==========.=*=======
=========E***=======
====================
====================
====================
====================
====================
====================
====================
====================
====================
====================
====================
====================
====================
====================
east
south
south
south
east
east
south
south
west
west
west
