=========S*=========
==========*=========
==========*=========
==========***=======
============*=======
==========***=======
==========*====.====
==========**==...===
===========*....====
========E***========
====================
====================
====================
====================
====================
====================
====================
====================
====================
====================
East
South
South
South
East
East
South
South
West
West
South
South
East
South
South
West
West
West
