====================
====================
====================
====================
====================
=========.==========
=========.==========
======***S..========
======*==.==========
======*===.=========
======***..=========
========*===========
========*===========
========**.=========
=========*=.==.=====
=========*......====
=========*====.=====
=========**E========
====================
====================
west
west
west
south
south
south
east
east
south
south
south
east
south
south
south
south
east
east
