.******************S
.*******************
.*******************
.*******************
.*******************
.*******************
.*******************
.*******************
.*******************
.*******************
.*******************
.*******************
.*******************
.*******************
.*******************
.*******************
.*******************
.*******************
.*******************
E*******************
South
South
South
South
South
South
South
South
South
South
South
South
South
South
South
South
South
South
South
West
North
North
North
North
North
North
North
North
North
North
North
North
North
North
North
North
North
North
North
West
South
South
South
South
South
South
South
South
South
South
South
South
South
South
South
South
South
South
South
West
North
North
North
North
North
North
North
North
North
North
North
North
North
North
North
North
North
North
North
West
South
South
South
South
South
South
South
South
South
South
South
South
South
South
South
South
South
South
South
West
North
North
North
North
North
North
North
North
North
North
North
North
North
North
North
North
North
North
North
West
South
South
South
South
South
South
South
South
South
South
South
South
South
South
South
South
South
South
South
West
North
North
North
North
North
North
North
North
North
North
North
North
North
North
North
North
North
North
North
West
South
South
South
South
South
South
South
South
South
South
South
South
South
South
South
South
South
South
South
West
North
North
North
North
North
North
North
North
North
North
North
North
North
North
North
North
North
North
North
West
South
South
South
South
South
South
South
South
South
South
South
South
South
South
South
South
South
South
South
West
North
North
North
North
North
North
North
North
North
North
North
North
North
North
North
North
North
North
North
West
South
South
South
South
South
South
South
South
South
South
South
South
South
South
South
South
South
South
South
West
North
North
North
North
North
North
North
North
North
North
North
North
North
North
North
North
North
North
North
West
South
South
South
South
South
South
South
South
South
South
South
South
South
South
South
South
South
South
South
West
North
North
North
North
North
North
North
North
North
North
North
North
North
North
North
North
North
North
North
West
South
South
South
South
South
South
South
South
South
South
South
South
South
South
South
South
South
South
South
West
North
North
North
North
North
North
North
North
North
North
North
North
North
North
North
North
North
North
North
West
South
South
South
South
South
South
South
South
South
South
South
South
South
South
South
South
South
South
South
West
