=========S*=========
==========*=========
==========***..=====
==========..*=======
======.=====*=======
======.===***=======
====....==*====.====
====.=.==.*==...====
======**==**.....===
====********===.====
*****==========.====
*================.==
******====........==
=====*====.===.=====
====**.....===.=====
====*=========.=====
====******====.=====
=========*====.=====
=========*==========
=========**********E
east
south
south
east
east
south
south
south
west
west
south
south
south
east
south
west
west
west
west
north
west
south
west
west
south
west
west
west
west
south
south
east
east
east
east
east
south
south
west
south
south
east
east
east
east
east
south
south
south
east
east
east
east
east
east
east
east
east
east
