====================
====================
====================
====================
====================
====================
=========.==========
======***S.=========
======*==.==========
======*===.=========
======***..=========
========*===========
========*===========
========E===========
====================
====================
====================
====================
====================
====================
West
West
West
South
South
South
East
East
South
South
South
